// Vitest Snapshot v1, https://vitest.dev/guide/snapshot.html

exports[`Consumable Example > should compile  1`] = `
"<?xml version="1.0" encoding="UTF-8" standalone="no"?>
<?xml-stylesheet href="data:text/css,.graph%20text%20%7B%0A%09font-family%3A%20sans-serif%3B%0A%09stroke%3A%20white%3B%0A%09paint-order%3A%20stroke%3B%0A%09stroke-width%3A%203%3B%0A%09stroke-linecap%3A%20square%3B%0A%7D%0A%0A.namespace%20polygon%20%7B%0A%09fill-opacity%3A%200.2%3B%0A%09stroke%3A%20none%3B%0A%7D%0A" type="text/css"?>
<!DOCTYPE svg PUBLIC "-//W3C//DTD SVG 1.1//EN"
 "http://www.w3.org/Graphics/SVG/1.1/DTD/svg11.dtd">
<!-- Generated by graphviz version 13.1.2 (0)
 -->
<!-- Pages: 1 -->
<svg width="348pt" height="544pt"
 viewBox="0.00 0.00 348.00 544.00" xmlns="http://www.w3.org/2000/svg" xmlns:xlink="http://www.w3.org/1999/xlink">
<g id="graph0" class="graph" transform="scale(1 1) rotate(0) translate(4 540)">
<polygon fill="white" stroke="none" points="-4,4 -4,-540 344,-540 344,4 -4,4"/>
<g id="clust1" class="cluster namespace">
<title>e_commerce</title>
<polygon fill="lightgrey" stroke="lightgrey" points="8,-8 8,-528 332,-528 332,-8 8,-8"/>
<text xml:space="preserve" text-anchor="middle" x="170" y="-515" font-family="sans-serif" font-size="10.00">eCommerce</text>
</g>
<g id="clust2" class="cluster namespace">
<title>#/domains/commerce</title>
<polygon fill="lightgrey" stroke="lightgrey" points="41,-272 41,-488 299,-488 299,-272 41,-272"/>
<text xml:space="preserve" text-anchor="middle" x="170" y="-475" font-family="sans-serif" font-size="10.00">Commerce</text>
</g>
<g id="clust3" class="cluster namespace">
<title>#/domains/commerce/subdomains/sales</title>
<polygon fill="lightgrey" stroke="lightgrey" points="61,-292 61,-448 279,-448 279,-292 61,-292"/>
<text xml:space="preserve" text-anchor="middle" x="170" y="-435" font-family="sans-serif" font-size="10.00">Sales</text>
</g>
<g id="clust4" class="cluster namespace">
<title>#/domains/commerce/subdomains/sales/boundedcontexts/ordering</title>
<polygon fill="lightgrey" stroke="lightgrey" points="81,-312 81,-408 259,-408 259,-312 81,-312"/>
<text xml:space="preserve" text-anchor="middle" x="170" y="-395" font-family="sans-serif" font-size="10.00">Ordering</text>
</g>
<g id="clust5" class="cluster namespace">
<title>#/domains/content</title>
<polygon fill="lightgrey" stroke="lightgrey" points="28,-28 28,-244 312,-244 312,-28 28,-28"/>
<text xml:space="preserve" text-anchor="middle" x="170" y="-231" font-family="sans-serif" font-size="10.00">Content</text>
</g>
<g id="clust6" class="cluster namespace">
<title>#/domains/content/subdomains/publishing</title>
<polygon fill="lightgrey" stroke="lightgrey" points="48,-48 48,-204 292,-204 292,-48 48,-48"/>
<text xml:space="preserve" text-anchor="middle" x="170" y="-191" font-family="sans-serif" font-size="10.00">Publishing</text>
</g>
<g id="clust7" class="cluster namespace">
<title>#/domains/content/subdomains/publishing/boundedcontexts/cms</title>
<polygon fill="lightgrey" stroke="lightgrey" points="68,-68 68,-164 272,-164 272,-68 68,-68"/>
<text xml:space="preserve" text-anchor="middle" x="170" y="-151" font-family="sans-serif" font-size="10.00">CMS</text>
</g>
<!-- #/domains/commerce/subdomains/sales/boundedcontexts/ordering/services/checkout_app -->
<g id="node1" class="node">
<title>#/domains/commerce/subdomains/sales/boundedcontexts/ordering/services/checkout_app</title>
<g id="a_node1"><a xlink:title="Application service for placing orders">
<polygon fill="white" stroke="black" points="176.37,-332.05 180.59,-332.15 184.77,-332.3 188.89,-332.49 192.92,-332.74 196.87,-333.03 200.7,-333.36 204.42,-333.75 207.99,-334.18 211.41,-334.65 214.67,-335.16 217.75,-335.71 220.65,-336.31 223.35,-336.94 225.85,-337.61 228.14,-338.31 230.22,-339.04 232.08,-339.8 233.71,-340.59 235.12,-341.41 236.3,-342.25 237.26,-343.11 237.99,-343.99 238.51,-344.89 238.8,-345.8 238.88,-346.72 238.75,-347.65 238.41,-348.59 237.88,-349.53 237.17,-350.47 236.27,-351.41 235.19,-352.35 233.96,-353.28 232.57,-354.2 231.03,-355.11 229.35,-356.01 227.55,-356.89 225.63,-357.75 223.61,-358.59 221.48,-359.41 219.26,-360.2 216.96,-360.96 214.58,-361.69 212.14,-362.39 209.64,-363.06 207.09,-363.69 204.49,-364.29 201.85,-364.84 199.18,-365.35 196.47,-365.82 193.75,-366.25 191,-366.64 188.23,-366.97 185.45,-367.26 182.65,-367.51 179.85,-367.7 177.04,-367.85 174.23,-367.95 171.41,-368 168.59,-368 165.77,-367.95 162.96,-367.85 160.15,-367.7 157.35,-367.51 154.55,-367.26 151.77,-366.97 149,-366.64 146.25,-366.25 143.53,-365.82 140.82,-365.35 138.15,-364.84 135.51,-364.29 132.91,-363.69 130.36,-363.06 127.86,-362.39 125.42,-361.69 123.04,-360.96 120.74,-360.2 118.52,-359.41 116.39,-358.59 114.37,-357.75 112.45,-356.89 110.65,-356.01 108.97,-355.11 107.43,-354.2 106.04,-353.28 104.81,-352.35 103.73,-351.41 102.83,-350.47 102.12,-349.53 101.59,-348.59 101.25,-347.65 101.12,-346.72 101.2,-345.8 101.49,-344.89 102.01,-343.99 102.74,-343.11 103.7,-342.25 104.88,-341.41 106.29,-340.59 107.92,-339.8 109.78,-339.04 111.86,-338.31 114.15,-337.61 116.65,-336.94 119.35,-336.31 122.25,-335.71 125.33,-335.16 128.59,-334.65 132.01,-334.18 135.58,-333.75 139.3,-333.36 143.13,-333.03 147.08,-332.74 151.11,-332.49 155.23,-332.3 159.41,-332.15 163.63,-332.05 167.87,-332 172.13,-332 176.37,-332.05"/>
<text xml:space="preserve" text-anchor="middle" x="170" y="-345.8" font-family="sans-serif" font-size="14.00">CheckoutApp</text>
</a>
</g>
</g>
<!-- #/domains/content/subdomains/publishing/boundedcontexts/cms/services/content_renderer -->
<g id="node2" class="node">
<title>#/domains/content/subdomains/publishing/boundedcontexts/cms/services/content_renderer</title>
<g id="a_node2"><a xlink:title="Site content retrieval/rendering">
<polygon fill="white" stroke="black" points="177.59,-88.05 182.61,-88.15 187.58,-88.3 192.48,-88.49 197.29,-88.74 201.99,-89.03 206.56,-89.36 210.97,-89.75 215.23,-90.18 219.3,-90.65 223.18,-91.16 226.85,-91.71 230.3,-92.31 233.52,-92.94 236.5,-93.61 239.23,-94.31 241.7,-95.04 243.91,-95.8 245.85,-96.59 247.53,-97.41 248.94,-98.25 250.08,-99.11 250.95,-99.99 251.56,-100.89 251.91,-101.8 252,-102.72 251.85,-103.65 251.45,-104.59 250.82,-105.53 249.97,-106.47 248.9,-107.41 247.62,-108.35 246.15,-109.28 244.49,-110.2 242.66,-111.11 240.67,-112.01 238.52,-112.89 236.24,-113.75 233.82,-114.59 231.29,-115.41 228.65,-116.2 225.91,-116.96 223.08,-117.69 220.17,-118.39 217.2,-119.06 214.16,-119.69 211.06,-120.29 207.92,-120.84 204.74,-121.35 201.52,-121.82 198.27,-122.25 195,-122.64 191.7,-122.97 188.39,-123.26 185.06,-123.51 181.73,-123.7 178.38,-123.85 175.03,-123.95 171.68,-124 168.32,-124 164.97,-123.95 161.62,-123.85 158.27,-123.7 154.94,-123.51 151.61,-123.26 148.3,-122.97 145,-122.64 141.73,-122.25 138.48,-121.82 135.26,-121.35 132.08,-120.84 128.94,-120.29 125.84,-119.69 122.8,-119.06 119.83,-118.39 116.92,-117.69 114.09,-116.96 111.35,-116.2 108.71,-115.41 106.18,-114.59 103.76,-113.75 101.48,-112.89 99.33,-112.01 97.34,-111.11 95.51,-110.2 93.85,-109.28 92.38,-108.35 91.1,-107.41 90.03,-106.47 89.18,-105.53 88.55,-104.59 88.15,-103.65 88,-102.72 88.09,-101.8 88.44,-100.89 89.05,-99.99 89.92,-99.11 91.06,-98.25 92.47,-97.41 94.15,-96.59 96.09,-95.8 98.3,-95.04 100.77,-94.31 103.5,-93.61 106.48,-92.94 109.7,-92.31 113.15,-91.71 116.82,-91.16 120.7,-90.65 124.77,-90.18 129.03,-89.75 133.44,-89.36 138.01,-89.03 142.71,-88.74 147.52,-88.49 152.42,-88.3 157.39,-88.15 162.41,-88.05 167.47,-88 172.53,-88 177.59,-88.05"/>
<text xml:space="preserve" text-anchor="middle" x="170" y="-101.8" font-family="sans-serif" font-size="14.00">ContentRenderer</text>
</a>
</g>
</g>
<!-- #/domains/commerce/subdomains/sales/boundedcontexts/ordering/services/checkout_app&#45;&gt;#/domains/content/subdomains/publishing/boundedcontexts/cms/services/content_renderer -->
<g id="edge2" class="edge">
<title>#/domains/commerce/subdomains/sales/boundedcontexts/ordering/services/checkout_app&#45;&gt;#/domains/content/subdomains/publishing/boundedcontexts/cms/services/content_renderer</title>
<path fill="none" stroke="black" d="M154.35,-332.01C140.63,-315.88 121.69,-290.26 113.8,-264 99.73,-217.22 128.62,-163.9 149.96,-132.98"/>
<polygon fill="black" stroke="black" points="152.7,-135.17 155.67,-125 147.01,-131.09 152.7,-135.17"/>
<text xml:space="preserve" text-anchor="middle" x="134.9" y="-255" font-family="sans-serif" font-size="10.00">GetArticle</text>
<g id="a_edge2&#45;headlabel"><a xlink:title="open&#45;host&#45;service">
<text xml:space="preserve" text-anchor="middle" x="156.55" y="-120.77" font-family="sans-serif" font-size="10.00">OHS</text>
</a>
</g>
<g id="a_edge2&#45;taillabel"><a xlink:title="anti&#45;corruption&#45;layer">
<text xml:space="preserve" text-anchor="middle" x="154.35" y="-329.01" font-family="sans-serif" font-size="10.00">ACL</text>
</a>
</g>
</g>
<!-- #/domains/content/subdomains/publishing/boundedcontexts/cms/services/content_renderer&#45;&gt;#/domains/commerce/subdomains/sales/boundedcontexts/ordering/services/checkout_app -->
<g id="edge1" class="edge">
<title>#/domains/content/subdomains/publishing/boundedcontexts/cms/services/content_renderer&#45;&gt;#/domains/commerce/subdomains/sales/boundedcontexts/ordering/services/checkout_app</title>
<path fill="none" stroke="black" d="M170,-124.25C170,-165.34 170,-269.36 170,-320.18"/>
<polygon fill="black" stroke="black" points="166.5,-320.08 170,-330.08 173.5,-320.08 166.5,-320.08"/>
<text xml:space="preserve" text-anchor="middle" x="192.49" y="-255" font-family="sans-serif" font-size="10.00">PlaceOrder</text>
<g id="a_edge1&#45;headlabel"><a xlink:title="open&#45;host&#45;service">
<text xml:space="preserve" text-anchor="middle" x="170" y="-328.6" font-family="sans-serif" font-size="10.00">OHS</text>
</a>
</g>
<g id="a_edge1&#45;taillabel"><a xlink:title="conformist">
<text xml:space="preserve" text-anchor="middle" x="170" y="-121.25" font-family="sans-serif" font-size="10.00">C</text>
</a>
</g>
</g>
</g>
</svg>
"
`;
